Microchip MPLAB XC8 Compiler V2.32

Linker command line:

-W-3 --edf=C:\Program Files\Microchip\xc8\v2.32\pic\dat\en_msgs.txt -cn \
  -h+dist/XC8_18F87K22/production\UART.X.production.sym \
  --cmf=dist/XC8_18F87K22/production\UART.X.production.cmf -z -Q18F4550 \
  -oC:\Users\aizaz\AppData\Local\Temp\xcAs8oc.4 --defsym=__MPLAB_BUILD=1 \
  -Mdist/XC8_18F87K22/production/UART.X.production.map -E1 \
  -ver=XC8 Compiler --acfsm=1493 -ASTACK=060h-07FFh -pstack=STACK \
  -ACODE=00h-07FFFh -ACONST=00h-07FFFh -ASMALLCONST=0800h-08FFhx120 \
  -AMEDIUMCONST=0800h-07FFFh -ACOMRAM=01h-05Fh -AABS1=00h-07FFh \
  -ABIGRAM=01h-07FFh -ARAM=060h-0FFh,0100h-01FFhx7 -ABANK0=060h-0FFh \
  -ABANK1=0100h-01FFh -ABANK2=0200h-02FFh -ABANK3=0300h-03FFh \
  -ABANK4=0400h-04FFh -ABANK5=0500h-05FFh -ABANK6=0600h-06FFh \
  -ABANK7=0700h-07FFh -ASFR=0F60h-0FFFh -ACONFIG=0300000h-030000Dh \
  -AIDLOC=0200000h-0200007h -AEEDATA=0F00000h-0F000FFh -peeprom_data=EEDATA \
  -preset_vec=00h,intcode,intcodelo,powerup,init -pramtop=0800h \
  -psmallconst=SMALLCONST -pmediumconst=MEDIUMCONST -pconst=CONST \
  -AFARRAM=00h-00h \
  -prdata=COMRAM,nvrram=COMRAM,nvbit=COMRAM,rbss=COMRAM,rbit=COMRAM \
  -pfarbss=FARRAM,fardata=FARRAM,nvFARRAM=FARRAM \
  -pintsave_regs=BIGRAM,bigbss=BIGRAM,bigdata=BIGRAM -pbss=RAM \
  -pidata=CODE,irdata=CODE,ibigdata=CODE,ifardata=CODE -prparam=COMRAM \
  C:\Users\aizaz\AppData\Local\Temp\xcAs8oc.o \
  dist/XC8_18F87K22/production\UART.X.production.o 

Object code version is 3.11

Machine type is 18F4550



                Name                               Link     Load   Length Selector   Space Scale
C:\Users\aizaz\AppData\Local\Temp\xcAs8oc.o
                idloc                            200000   200000        8        0       5
                config                           300000   300000        E        0       4
                init                                  0        0        4        0       0
dist/XC8_18F87K22/production\UART.X.production.o
                idloc                            200000   200000        8        0       5
                config                           300000   300000        E        0       4
                text5                              7E92     7E92       12     3F49       0
                text4                              7EA4     7EA4       16     3F52       0
                text3                              7EE8     7EE8       30     3F74       0
                text2                              7F5C     7F5C       A4     3FAE       0
                text1                              7F18     7F18       44     3F8C       0
                text0                              7EBA     7EBA       2E     3F5D       0
                cstackCOMRAM                          1        1       12        1       1
                cinit                              7E8C     7E8C        6     3F46       0

TOTAL           Name                               Link     Load   Length     Space
        CLASS   STACK          

        CLASS   CODE           
                init                                  0        0        4         0
                text5                              7E92     7E92       12         0
                text4                              7EA4     7EA4       16         0
                text3                              7EE8     7EE8       30         0
                text2                              7F5C     7F5C       A4         0
                text1                              7F18     7F18       44         0
                text0                              7EBA     7EBA       2E         0
                cinit                              7E8C     7E8C        6         0

        CLASS   CONST          

        CLASS   SMALLCONST     

        CLASS   MEDIUMCONST    

        CLASS   COMRAM         
                cstackCOMRAM                          1        1       12         1

        CLASS   ABS1           

        CLASS   BIGRAM         

        CLASS   RAM            

        CLASS   BANK0          

        CLASS   BANK1          

        CLASS   BANK2          

        CLASS   BANK3          

        CLASS   BANK4          

        CLASS   BANK5          

        CLASS   BANK6          

        CLASS   BANK7          

        CLASS   SFR            

        CLASS   CONFIG         
                config                           300000   300000        E         4

        CLASS   IDLOC          
                idloc                            200000   200000        8         5

        CLASS   EEDATA         

        CLASS   FARRAM         



SEGMENTS        Name                           Load    Length   Top    Selector   Space  Class

                reset_vec                      000000  000004  000004         0       0  CODE    
                cstackCOMRAM                   000001  000012  000013         1       1  COMRAM  
                cinit                          007E8C  000006  007E92      3F46       0  CODE    
                text5                          007E92  000012  007EA4      3F49       0  CODE    
                text4                          007EA4  000016  007EBA      3F52       0  CODE    
                text0                          007EBA  00002E  007EE8      3F5D       0  CODE    
                text3                          007EE8  000030  007F18      3F74       0  CODE    
                text1                          007F18  000044  007F5C      3F8C       0  CODE    
                text2                          007F5C  0000A4  008000      3FAE       0  CODE    


UNUSED ADDRESS RANGES

        Name                Unused          Largest block    Delta
        BANK0            000060-0000FF               A0
        BANK1            000100-0001FF              100
        BANK2            000200-0002FF              100
        BANK3            000300-0003FF              100
        BANK4            000400-0004FF              100
        BANK5            000500-0005FF              100
        BANK6            000600-0006FF              100
        BANK7            000700-0007FF              100
        BIGRAM           000013-0007FF              7ED
        CODE             000004-007E8B             7E88
        COMRAM           000013-00005F               4D
        CONST            000004-007E8B             7E88
        EEDATA           F00000-F000FF              100
        MEDIUMCONST      000800-007E8B             768C
        RAM              000060-0007FF              100
        SFR              000F60-000FFF               A0
        SMALLCONST       000800-007E8B              100
        STACK            000060-0007FF              7A0

                                  Symbol Table

?___lldiv                   cstackCOMRAM 000001
_BAUDCONbits                (abs)        000FB8
_INTCONbits                 (abs)        000FF2
_IPR1bits                   (abs)        000F9F
_PIE1bits                   (abs)        000F9D
_PIR1bits                   (abs)        000F9E
_RCONbits                   (abs)        000FD0
_RCREG                      (abs)        000FAE
_RCSTAbits                  (abs)        000FAB
_SPBRG                      (abs)        000FAF
_TRISCbits                  (abs)        000F94
_TXREG                      (abs)        000FAD
_TXSTAbits                  (abs)        000FAC
__HRAM                      (abs)        000000
__Habs1                     abs1         000000
__Hbank0                    bank0        000000
__Hbank1                    bank1        000000
__Hbank2                    bank2        000000
__Hbank3                    bank3        000000
__Hbank4                    bank4        000000
__Hbank5                    bank5        000000
__Hbank6                    bank6        000000
__Hbank7                    bank7        000000
__Hbigbss                   bigbss       000000
__Hbigdata                  bigdata      000000
__Hbigram                   bigram       000000
__Hbss                      bss          000000
__Hcinit                    cinit        000000
__Hclrtext                  clrtext      000000
__Hcomram                   comram       000000
__Hconfig                   config       30000E
__Hconst                    const        000000
__HcstackCOMRAM             cstackCOMRAM 000000
__Hdata                     data         000000
__Heeprom_data              eeprom_data  000000
__Hfarbss                   farbss       000000
__Hfardata                  fardata      000000
__Hibigdata                 ibigdata     000000
__Hidata                    idata        000000
__Hidloc                    idloc        200008
__Hifardata                 ifardata     000000
__Hinit                     init         000004
__Hintcode                  intcode      000000
__Hintcode_body             intcode_body 000000
__Hintcodelo                intcodelo    000000
__Hintentry                 intentry     000000
__Hintret                   intret       000000
__Hintsave_regs             intsave_regs 000000
__Hirdata                   irdata       000000
__Hmediumconst              mediumconst  000000
__HnvFARRAM                 nvFARRAM     000000
__Hnvbit                    nvbit        000000
__Hnvrram                   nvrram       000000
__Hparam                    rparam       000000
__Hpowerup                  powerup      000000
__Hram                      ram          000000
__Hramtop                   ramtop       000800
__Hrbit                     rbit         000000
__Hrbss                     rbss         000000
__Hrdata                    rdata        000000
__Hreset_vec                reset_vec    000000
__Hrparam                   rparam       000000
__Hsfr                      sfr          000000
__Hsmallconst               smallconst   000000
__Hspace_0                  (abs)        008000
__Hspace_1                  (abs)        000013
__Hspace_2                  (abs)        000000
__Hspace_4                  (abs)        60000E
__Hstack                    stack        000000
__Hstruct                   struct       000000
__Htemp                     temp         000000
__Htext                     text         000000
__Htext0                    text0        000000
__Htext1                    text1        000000
__Htext2                    text2        000000
__Htext3                    text3        000000
__Htext4                    text4        000000
__Htext5                    text5        000000
__LRAM                      (abs)        000001
__Labs1                     abs1         000000
__Lbank0                    bank0        000000
__Lbank1                    bank1        000000
__Lbank2                    bank2        000000
__Lbank3                    bank3        000000
__Lbank4                    bank4        000000
__Lbank5                    bank5        000000
__Lbank6                    bank6        000000
__Lbank7                    bank7        000000
__Lbigbss                   bigbss       000000
__Lbigdata                  bigdata      000000
__Lbigram                   bigram       000000
__Lbss                      bss          000000
__Lcinit                    cinit        000000
__Lclrtext                  clrtext      000000
__Lcomram                   comram       000000
__Lconfig                   config       000000
__Lconst                    const        000000
__LcstackCOMRAM             cstackCOMRAM 000000
__Ldata                     data         000000
__Leeprom_data              eeprom_data  000000
__Lfarbss                   farbss       000000
__Lfardata                  fardata      000000
__Libigdata                 ibigdata     000000
__Lidata                    idata        000000
__Lidloc                    idloc        000000
__Lifardata                 ifardata     000000
__Linit                     init         000000
__Lintcode                  intcode      000000
__Lintcode_body             intcode_body 000000
__Lintcodelo                intcodelo    000000
__Lintentry                 intentry     000000
__Lintret                   intret       000000
__Lintsave_regs             intsave_regs 000000
__Lirdata                   irdata       000000
__Lmediumconst              mediumconst  000000
__LnvFARRAM                 nvFARRAM     000000
__Lnvbit                    nvbit        000000
__Lnvrram                   nvrram       000000
__Lparam                    rparam       000000
__Lpowerup                  powerup      000000
__Lram                      ram          000000
__Lramtop                   ramtop       000800
__Lrbit                     rbit         000000
__Lrbss                     rbss         000000
__Lrdata                    rdata        000000
__Lreset_vec                reset_vec    000000
__Lrparam                   rparam       000000
__Lsfr                      sfr          000000
__Lsmallconst               smallconst   000000
__Lspace_0                  (abs)        000000
__Lspace_1                  (abs)        000000
__Lspace_2                  (abs)        000000
__Lspace_4                  (abs)        000000
__Lstack                    stack        000000
__Lstruct                   struct       000000
__Ltemp                     temp         000000
__Ltext                     text         000000
__Ltext0                    text0        000000
__Ltext1                    text1        000000
__Ltext2                    text2        000000
__Ltext3                    text3        000000
__Ltext4                    text4        000000
__Ltext5                    text5        000000
__S0                        (abs)        008000
__S1                        (abs)        000013
__S2                        (abs)        000000
__S4                        (abs)        000000
__S5                        (abs)        000000
___inthi_sp                 stack        000000
___intlo_sp                 stack        000000
___lldiv                    text2        007F5C
___lldiv@counter            cstackCOMRAM 00000D
___lldiv@dividend           cstackCOMRAM 000001
___lldiv@divisor            cstackCOMRAM 000005
___lldiv@quotient           cstackCOMRAM 000009
___param_bank               (abs)        000000
___rparam_used              (abs)        000001
___sp                       stack        000000
__accesstop                 (abs)        000060
__activetblptr              (abs)        000000
__end_of___lldiv            text2        008000
__end_of__initialization    cinit        007E8C
__end_of_esuart_tx_data     text4        007EBA
__end_of_eusart_Rx_data     text5        007EA4
__end_of_eusat_tx_str       text3        007F18
__end_of_init_eusart        text1        007F5C
__end_of_main               text0        007EE8
__initialization            cinit        007E8C
__mediumconst               mediumconst  000000
__pcinit                    cinit        007E8C
__pcstackCOMRAM             cstackCOMRAM 000001
__ptext0                    text0        007EBA
__ptext1                    text1        007F18
__ptext2                    text2        007F5C
__ptext3                    text3        007EE8
__ptext4                    text4        007EA4
__ptext5                    text5        007E92
__ramtop                    ramtop       000800
__size_of___lldiv           (abs)        000000
__size_of_esuart_tx_data    (abs)        000000
__size_of_eusart_Rx_data    (abs)        000000
__size_of_eusat_tx_str      (abs)        000000
__size_of_init_eusart       (abs)        000000
__size_of_main              (abs)        000000
__smallconst                smallconst   000000
_esuart_tx_data             text4        007EA4
_eusart_Rx_data             text5        007E92
_eusat_tx_str               text3        007EE8
_init_eusart                text1        007F18
_main                       text0        007EBA
end_of_initialization       cinit        007E8C
esuart_tx_data@uc8_data     cstackCOMRAM 000001
eusat_tx_str@ptr            cstackCOMRAM 000002
init_eusart@async_baud_rate cstackCOMRAM 00000E
intlevel0                   text         000000
intlevel1                   text         000000
intlevel2                   text         000000
intlevel3                   text         000000
isa$std                     (abs)        000001
isa$xinst                   (abs)        000000
main@serial_data            cstackCOMRAM 000012
stackhi                     (abs)        0007FF
stacklo                     (abs)        000060
start                       init         000000
start_initialization        cinit        007E8C


MODULE INFORMATION

Module		Function		Class		Link	Load	Size
shared
		__initialization		CODE           	7E8C	0000	1

shared estimated size: 1

C:\Program Files\Microchip\xc8\v2.32\pic\sources\c99\common\__lldiv.c
		___lldiv       		CODE           	7F5C	0000	164

C:\Program Files\Microchip\xc8\v2.32\pic\sources\c99\common\__lldiv.c estimated size: 164

main.c
		_eusart_Rx_data		CODE           	7E92	0000	18
		_esuart_tx_data		CODE           	7EA4	0000	22
		_main          		CODE           	7EBA	0000	46
		_eusat_tx_str  		CODE           	7EE8	0000	48
		_init_eusart   		CODE           	7F18	0000	68

main.c estimated size: 202

