Microchip MPLAB XC8 Compiler V2.32

Linker command line:

-W-3 --edf=C:\Program Files\Microchip\xc8\v2.32\pic\dat\en_msgs.txt -cn \
  -h+dist/XC8_18F87K22/production\LCD_INTERFACE.X.production.sym \
  --cmf=dist/XC8_18F87K22/production\LCD_INTERFACE.X.production.cmf -z \
  -Q18F4550 -oC:\Users\aizaz\AppData\Local\Temp\xcAsdrs.4 \
  --defsym=__MPLAB_BUILD=1 \
  -Mdist/XC8_18F87K22/production/LCD_INTERFACE.X.production.map -E1 \
  -ver=XC8 Compiler --acfsm=1493 -ASTACK=0B0h-07FFh -pstack=STACK \
  -ACODE=00h-07FFFh -ACONST=00h-07FFFh -ASMALLCONST=0800h-08FFhx120 \
  -AMEDIUMCONST=0800h-07FFFh -ACOMRAM=01h-05Fh -AABS1=00h-07FFh \
  -ABIGRAM=01h-07FFh -ARAM=060h-0FFh,0100h-01FFhx7 -ABANK0=060h-0FFh \
  -ABANK1=0100h-01FFh -ABANK2=0200h-02FFh -ABANK3=0300h-03FFh \
  -ABANK4=0400h-04FFh -ABANK5=0500h-05FFh -ABANK6=0600h-06FFh \
  -ABANK7=0700h-07FFh -ASFR=0F60h-0FFFh -ACONFIG=0300000h-030000Dh \
  -AIDLOC=0200000h-0200007h -AEEDATA=0F00000h-0F000FFh -peeprom_data=EEDATA \
  -preset_vec=00h,intcode,intcodelo,powerup,init -pramtop=0800h \
  -psmallconst=SMALLCONST -pmediumconst=MEDIUMCONST -pconst=CONST \
  -AFARRAM=00h-00h \
  -prdata=COMRAM,nvrram=COMRAM,nvbit=COMRAM,rbss=COMRAM,rbit=COMRAM \
  -pfarbss=FARRAM,fardata=FARRAM,nvFARRAM=FARRAM \
  -pintsave_regs=BIGRAM,bigbss=BIGRAM,bigdata=BIGRAM -pbss=RAM \
  -pidata=CODE,irdata=CODE,ibigdata=CODE,ifardata=CODE -prparam=COMRAM \
  C:\Users\aizaz\AppData\Local\Temp\xcAsdrs.o \
  dist/XC8_18F87K22/production\LCD_INTERFACE.X.production.o 

Object code version is 3.11

Machine type is 18F4550



                Name                               Link     Load   Length Selector   Space Scale
C:\Users\aizaz\AppData\Local\Temp\xcAsdrs.o
                idloc                            200000   200000        8        0       5
                config                           300000   300000        E        0       4
                init                                  0        0        4        0       0
dist/XC8_18F87K22/production\LCD_INTERFACE.X.production.o
                idloc                            200000   200000        8        0       5
                config                           300000   300000        E        0       4
                smallconst                          800      800       14      400       0
                text19                             142E     142E       22      40A       0
                text18                             13A8     13A8       32      40A       0
                text17                             1404     1404       2A      40A       0
                text16                             1338     1338       3A      40A       0
                text15                             1450     1450       1C      40A       0
                text14                             13DA     13DA       2A      40A       0
                text13                             1204     1204       5E      40A       0
                text12                              CAA      CAA      188      40A       0
                text11                              E32      E32      164      40A       0
                text10                             12F8     12F8       40      40A       0
                text9                              1482     1482        2      40A       0
                text8                               F96      F96       CA      40A       0
                text7                              12B4     12B4       44      40A       0
                text6                              1372     1372       36      40A       0
                text5                              1060     1060       C6      40A       0
                text4                               814      814      2E2      40A       0
                text3                               AF6      AF6      1B4      40A       0
                text2                              11A2     11A2       62      40A       0
                text1                              1262     1262       52      40A       0
                text0                              1126     1126       7C      40A       0
                cstackCOMRAM                          1        1       5F        1       1
                cstackBANK0                          97       97       19       60       1
                bssBANK0                             60       60       37       60       1
                cinit                              146C     146C       16      40A       0

TOTAL           Name                               Link     Load   Length     Space
        CLASS   STACK          

        CLASS   CODE           
                init                                  0        0        4         0
                text19                             142E     142E       22         0
                text18                             13A8     13A8       32         0
                text17                             1404     1404       2A         0
                text16                             1338     1338       3A         0
                text15                             1450     1450       1C         0
                text14                             13DA     13DA       2A         0
                text13                             1204     1204       5E         0
                text12                              CAA      CAA      188         0
                text11                              E32      E32      164         0
                text10                             12F8     12F8       40         0
                text9                              1482     1482        2         0
                text8                               F96      F96       CA         0
                text7                              12B4     12B4       44         0
                text6                              1372     1372       36         0
                text5                              1060     1060       C6         0
                text4                               814      814      2E2         0
                text3                               AF6      AF6      1B4         0
                text2                              11A2     11A2       62         0
                text1                              1262     1262       52         0
                text0                              1126     1126       7C         0
                cinit                              146C     146C       16         0

        CLASS   CONST          

        CLASS   SMALLCONST     
                smallconst                          800      800       14         0

        CLASS   MEDIUMCONST    

        CLASS   COMRAM         
                cstackCOMRAM                          1        1       5F         1

        CLASS   ABS1           

        CLASS   BIGRAM         

        CLASS   RAM            

        CLASS   BANK0          
                cstackBANK0                          97       97       19         1
                bssBANK0                             60       60       37         1

        CLASS   BANK1          

        CLASS   BANK2          

        CLASS   BANK3          

        CLASS   BANK4          

        CLASS   BANK5          

        CLASS   BANK6          

        CLASS   BANK7          

        CLASS   SFR            

        CLASS   CONFIG         
                config                           300000   300000        E         4

        CLASS   IDLOC          
                idloc                            200000   200000        8         5

        CLASS   EEDATA         

        CLASS   FARRAM         



SEGMENTS        Name                           Load    Length   Top    Selector   Space  Class

                reset_vec                      000000  000004  000004         0       0  CODE    
                cstackCOMRAM                   000001  00005F  000060         1       1  COMRAM  
                bssBANK0                       000060  000050  0000B0        60       1  BANK0   
                smallconst                     000800  000014  000814       400       0  SMALLCON
                text4                          000814  000C70  001484       40A       0  CODE    


UNUSED ADDRESS RANGES

        Name                Unused          Largest block    Delta
        BANK0            0000B0-0000FF               50
        BANK1            000100-0001FF              100
        BANK2            000200-0002FF              100
        BANK3            000300-0003FF              100
        BANK4            000400-0004FF              100
        BANK5            000500-0005FF              100
        BANK6            000600-0006FF              100
        BANK7            000700-0007FF              100
        BIGRAM           0000B0-0007FF              750
        CODE             000004-0007FF              7FC
                         001484-007FFF             6B7C
        CONST            000004-0007FF              7FC
                         001484-007FFF             6B7C
        EEDATA           F00000-F000FF              100
        MEDIUMCONST      001484-007FFF             6B7C
        RAM              0000B0-0007FF              100
        SFR              000F60-000FFF               A0
        SMALLCONST       001484-007FFF              100
        STACK            0000B0-0007FF              750

                                  Symbol Table

?_ADC_READ               cstackCOMRAM 000001
?___aodiv                cstackCOMRAM 000001
?___aomod                cstackCOMRAM 000001
?_abs                    cstackCOMRAM 000013
?_dtoa                   cstackCOMRAM 00001C
?_pad                    cstackCOMRAM 000011
?_sprintf                cstackCOMRAM 000058
?_strlen                 cstackCOMRAM 000001
?_vfpfcnvrt              cstackCOMRAM 000040
?_vfprintf               cstackCOMRAM 000050
ADC_READ@result          cstackCOMRAM 000005
LCD_CURSOR@col           cstackCOMRAM 000004
LCD_CURSOR@line          cstackCOMRAM 000003
LCD_DATA@data            cstackCOMRAM 000002
LCD_INST@cmd             cstackCOMRAM 000002
LCD_TEXT@text            cstackCOMRAM 000003
_ADCON0bits              (abs)        000FC2
_ADCON1bits              (abs)        000FC1
_ADCON2bits              (abs)        000FC0
_ADC_INT                 text19       00142E
_ADC_READ                text18       0013A8
_ADRESH                  (abs)        000FC4
_ADRESL                  (abs)        000FC3
_LCD_CURSOR              text16       001338
_LCD_DATA                text14       0013DA
_LCD_INST                text17       001404
_LCD_INT                 text15       001450
_LCD_TEXT                text13       001204
_PORTBbits               (abs)        000F81
_PORTD                   (abs)        000F83
_TRISAbits               (abs)        000F92
_TRISBbits               (abs)        000F93
_TRISD                   (abs)        000F95
__HRAM                   (abs)        000000
__Habs1                  abs1         000000
__Hbank0                 bank0        000000
__Hbank1                 bank1        000000
__Hbank2                 bank2        000000
__Hbank3                 bank3        000000
__Hbank4                 bank4        000000
__Hbank5                 bank5        000000
__Hbank6                 bank6        000000
__Hbank7                 bank7        000000
__Hbigbss                bigbss       000000
__Hbigdata               bigdata      000000
__Hbigram                bigram       000000
__Hbss                   bss          000000
__HbssBANK0              bssBANK0     000000
__Hcinit                 cinit        000000
__Hclrtext               clrtext      000000
__Hcomram                comram       000000
__Hconfig                config       30000E
__Hconst                 const        000000
__HcstackBANK0           cstackBANK0  000000
__HcstackCOMRAM          cstackCOMRAM 000000
__Hdata                  data         000000
__Heeprom_data           eeprom_data  000000
__Hfarbss                farbss       000000
__Hfardata               fardata      000000
__Hibigdata              ibigdata     000000
__Hidata                 idata        000000
__Hidloc                 idloc        200008
__Hifardata              ifardata     000000
__Hinit                  init         000004
__Hintcode               intcode      000000
__Hintcode_body          intcode_body 000000
__Hintcodelo             intcodelo    000000
__Hintentry              intentry     000000
__Hintret                intret       000000
__Hintsave_regs          intsave_regs 000000
__Hirdata                irdata       000000
__Hmediumconst           mediumconst  000000
__HnvFARRAM              nvFARRAM     000000
__Hnvbit                 nvbit        000000
__Hnvrram                nvrram       000000
__Hparam                 rparam       000000
__Hpowerup               powerup      000000
__Hram                   ram          000000
__Hramtop                ramtop       000800
__Hrbit                  rbit         000000
__Hrbss                  rbss         000000
__Hrdata                 rdata        000000
__Hreset_vec             reset_vec    000000
__Hrparam                rparam       000000
__Hsfr                   sfr          000000
__Hsmallconst            smallconst   000814
__Hspace_0               (abs)        001484
__Hspace_1               (abs)        0000B0
__Hspace_2               (abs)        000000
__Hspace_4               (abs)        60000E
__Hstack                 stack        000000
__Hstruct                struct       000000
__Htemp                  temp         000000
__Htext                  text         000000
__Htext0                 text0        000000
__Htext1                 text1        000000
__Htext10                text10       000000
__Htext11                text11       000000
__Htext12                text12       000000
__Htext13                text13       000000
__Htext14                text14       000000
__Htext15                text15       000000
__Htext16                text16       000000
__Htext17                text17       000000
__Htext18                text18       000000
__Htext19                text19       000000
__Htext2                 text2        000000
__Htext3                 text3        000000
__Htext4                 text4        000000
__Htext5                 text5        000000
__Htext6                 text6        000000
__Htext7                 text7        000000
__Htext8                 text8        000000
__Htext9                 text9        000000
__LRAM                   (abs)        000001
__Labs1                  abs1         000000
__Lbank0                 bank0        000000
__Lbank1                 bank1        000000
__Lbank2                 bank2        000000
__Lbank3                 bank3        000000
__Lbank4                 bank4        000000
__Lbank5                 bank5        000000
__Lbank6                 bank6        000000
__Lbank7                 bank7        000000
__Lbigbss                bigbss       000000
__Lbigdata               bigdata      000000
__Lbigram                bigram       000000
__Lbss                   bss          000000
__LbssBANK0              bssBANK0     000000
__Lcinit                 cinit        000000
__Lclrtext               clrtext      000000
__Lcomram                comram       000000
__Lconfig                config       000000
__Lconst                 const        000000
__LcstackBANK0           cstackBANK0  000000
__LcstackCOMRAM          cstackCOMRAM 000000
__Ldata                  data         000000
__Leeprom_data           eeprom_data  000000
__Lfarbss                farbss       000000
__Lfardata               fardata      000000
__Libigdata              ibigdata     000000
__Lidata                 idata        000000
__Lidloc                 idloc        000000
__Lifardata              ifardata     000000
__Linit                  init         000000
__Lintcode               intcode      000000
__Lintcode_body          intcode_body 000000
__Lintcodelo             intcodelo    000000
__Lintentry              intentry     000000
__Lintret                intret       000000
__Lintsave_regs          intsave_regs 000000
__Lirdata                irdata       000000
__Lmediumconst           mediumconst  000000
__LnvFARRAM              nvFARRAM     000000
__Lnvbit                 nvbit        000000
__Lnvrram                nvrram       000000
__Lparam                 rparam       000000
__Lpowerup               powerup      000000
__Lram                   ram          000000
__Lramtop                ramtop       000800
__Lrbit                  rbit         000000
__Lrbss                  rbss         000000
__Lrdata                 rdata        000000
__Lreset_vec             reset_vec    000000
__Lrparam                rparam       000000
__Lsfr                   sfr          000000
__Lsmallconst            smallconst   000800
__Lspace_0               (abs)        000000
__Lspace_1               (abs)        000000
__Lspace_2               (abs)        000000
__Lspace_4               (abs)        000000
__Lstack                 stack        000000
__Lstruct                struct       000000
__Ltemp                  temp         000000
__Ltext                  text         000000
__Ltext0                 text0        000000
__Ltext1                 text1        000000
__Ltext10                text10       000000
__Ltext11                text11       000000
__Ltext12                text12       000000
__Ltext13                text13       000000
__Ltext14                text14       000000
__Ltext15                text15       000000
__Ltext16                text16       000000
__Ltext17                text17       000000
__Ltext18                text18       000000
__Ltext19                text19       000000
__Ltext2                 text2        000000
__Ltext3                 text3        000000
__Ltext4                 text4        000000
__Ltext5                 text5        000000
__Ltext6                 text6        000000
__Ltext7                 text7        000000
__Ltext8                 text8        000000
__Ltext9                 text9        000000
__S0                     (abs)        001484
__S1                     (abs)        0000B0
__S2                     (abs)        000000
__S4                     (abs)        000000
__S5                     (abs)        000000
___aodiv                 text12       000CAA
___aodiv@counter         cstackCOMRAM 000011
___aodiv@dividend        cstackCOMRAM 000001
___aodiv@divisor         cstackCOMRAM 000009
___aodiv@quotient        cstackCOMRAM 000013
___aodiv@sign            cstackCOMRAM 000012
___aomod                 text11       000E32
___aomod@counter         cstackCOMRAM 000011
___aomod@dividend        cstackCOMRAM 000001
___aomod@divisor         cstackCOMRAM 000009
___aomod@sign            cstackCOMRAM 000012
___inthi_sp              stack        000000
___intlo_sp              stack        000000
___param_bank            (abs)        000000
___rparam_used           (abs)        000001
___sp                    stack        000000
__accesstop              (abs)        000060
__activetblptr           (abs)        000002
__end_of_ADC_INT         text19       001450
__end_of_ADC_READ        text18       0013DA
__end_of_LCD_CURSOR      text16       001372
__end_of_LCD_DATA        text14       001404
__end_of_LCD_INST        text17       00142E
__end_of_LCD_INT         text15       00146C
__end_of_LCD_TEXT        text13       001262
__end_of___aodiv         text12       000E32
__end_of___aomod         text11       000F96
__end_of__initialization cinit        001478
__end_of_abs             text10       001338
__end_of_dtoa            text4        000AF6
__end_of_fputc           text8        001060
__end_of_fputs           text7        0012F8
__end_of_main            text0        0011A2
__end_of_pad             text5        001126
__end_of_putch           text9        001484
__end_of_sprintf         text1        0012B4
__end_of_strlen          text6        0013A8
__end_of_vfpfcnvrt       text3        000CAA
__end_of_vfprintf        text2        001204
__initialization         cinit        00146C
__mediumconst            mediumconst  000000
__pbssBANK0              bssBANK0     000060
__pcinit                 cinit        00146C
__pcstackBANK0           cstackBANK0  000097
__pcstackCOMRAM          cstackCOMRAM 000001
__psmallconst            smallconst   000800
__ptext0                 text0        001126
__ptext1                 text1        001262
__ptext10                text10       0012F8
__ptext11                text11       000E32
__ptext12                text12       000CAA
__ptext13                text13       001204
__ptext14                text14       0013DA
__ptext15                text15       001450
__ptext16                text16       001338
__ptext17                text17       001404
__ptext18                text18       0013A8
__ptext19                text19       00142E
__ptext2                 text2        0011A2
__ptext3                 text3        000AF6
__ptext4                 text4        000814
__ptext5                 text5        001060
__ptext6                 text6        001372
__ptext7                 text7        0012B4
__ptext8                 text8        000F96
__ptext9                 text9        001482
__ramtop                 ramtop       000800
__size_of_ADC_INT        (abs)        000000
__size_of_ADC_READ       (abs)        000000
__size_of_LCD_CURSOR     (abs)        000000
__size_of_LCD_DATA       (abs)        000000
__size_of_LCD_INST       (abs)        000000
__size_of_LCD_INT        (abs)        000000
__size_of_LCD_TEXT       (abs)        000000
__size_of___aodiv        (abs)        000000
__size_of___aomod        (abs)        000000
__size_of_abs            (abs)        000000
__size_of_dtoa           (abs)        000000
__size_of_fputc          (abs)        000000
__size_of_fputs          (abs)        000000
__size_of_main           (abs)        000000
__size_of_pad            (abs)        000000
__size_of_putch          (abs)        000000
__size_of_sprintf        (abs)        000000
__size_of_strlen         (abs)        000000
__size_of_vfpfcnvrt      (abs)        000000
__size_of_vfprintf       (abs)        000000
__smallconst             smallconst   000800
_abs                     text10       0012F8
_dbuf                    bssBANK0     000077
_dtoa                    text4        000814
_dtoa$894                cstackCOMRAM 00002E
_flags                   bssBANK0     000075
_fputc                   text8        000F96
_fputs                   text7        0012B4
_main                    text0        001126
_nout                    bssBANK0     00006F
_pad                     text5        001060
_prec                    bssBANK0     000073
_putch                   text9        001482
_sprintf                 text1        001262
_strlen                  text6        001372
_vfpfcnvrt               text3        000AF6
_vfprintf                text2        0011A2
_width                   bssBANK0     000071
abs@a                    cstackCOMRAM 000013
dtoa@d                   cstackCOMRAM 00001E
dtoa@fp                  cstackCOMRAM 00001C
dtoa@i                   cstackCOMRAM 00003E
dtoa@n                   cstackCOMRAM 000036
dtoa@p                   cstackCOMRAM 000030
dtoa@s                   cstackCOMRAM 000034
dtoa@w                   cstackCOMRAM 000032
end_of_initialization    cinit        001478
fputc@c                  cstackCOMRAM 000001
fputc@fp                 cstackCOMRAM 000003
fputs@c                  cstackCOMRAM 00000E
fputs@fp                 cstackCOMRAM 00000C
fputs@i                  cstackCOMRAM 00000F
fputs@s                  cstackCOMRAM 00000A
intlevel0                text         000000
intlevel1                text         000000
intlevel2                text         000000
intlevel3                text         000000
isa$std                  (abs)        000001
isa$xinst                (abs)        000000
main@buf                 cstackBANK0  00009F
main@result              cstackBANK0  0000AE
pad@buf                  cstackCOMRAM 000013
pad@fp                   cstackCOMRAM 000011
pad@i                    cstackCOMRAM 000018
pad@p                    cstackCOMRAM 000015
pad@w                    cstackCOMRAM 00001A
sprintf@ap               cstackBANK0  000097
sprintf@f                cstackBANK0  000099
sprintf@fmt              cstackCOMRAM 00005A
sprintf@s                cstackCOMRAM 000058
stackhi                  (abs)        0007FF
stacklo                  (abs)        0000B0
start                    init         000000
start_initialization     cinit        00146C
strlen@a                 cstackCOMRAM 000003
strlen@s                 cstackCOMRAM 000001
vfpfcnvrt@ap             cstackCOMRAM 000044
vfpfcnvrt@fmt            cstackCOMRAM 000042
vfpfcnvrt@fp             cstackCOMRAM 000040
vfpfcnvrt@ll             cstackCOMRAM 000048
vfprintf@ap              cstackCOMRAM 000054
vfprintf@cfmt            cstackCOMRAM 000056
vfprintf@fmt             cstackCOMRAM 000052
vfprintf@fp              cstackCOMRAM 000050


MODULE INFORMATION

Module		Function		Class		Link	Load	Size
C:\Program Files\Microchip\xc8\v2.32\pic\sources\c99\common\nf_sprintf.c
		_sprintf       		CODE           	1262	0000	82

C:\Program Files\Microchip\xc8\v2.32\pic\sources\c99\common\nf_sprintf.c estimated size: 82

C:\Program Files\Microchip\xc8\v2.32\pic\sources\c99\common\doprnt.c
		_vfpfcnvrt     		CODE           	0AF6	0000	436
		_pad           		CODE           	1060	0000	198
		_dtoa          		CODE           	0814	0000	738
		_vfprintf      		CODE           	11A2	0000	98

C:\Program Files\Microchip\xc8\v2.32\pic\sources\c99\common\doprnt.c estimated size: 1470

C:\Program Files\Microchip\xc8\v2.32\pic\sources\c99\common\nf_fputs.c
		_fputs         		CODE           	12B4	0000	68

C:\Program Files\Microchip\xc8\v2.32\pic\sources\c99\common\nf_fputs.c estimated size: 68

C:\Program Files\Microchip\xc8\v2.32\pic\sources\c99\common\putch.c
		_putch         		CODE           	1482	0000	2

C:\Program Files\Microchip\xc8\v2.32\pic\sources\c99\common\putch.c estimated size: 2

C:\Program Files\Microchip\xc8\v2.32\pic\sources\c99\common\abs.c
		_abs           		CODE           	12F8	0000	64

C:\Program Files\Microchip\xc8\v2.32\pic\sources\c99\common\abs.c estimated size: 64

C:\Program Files\Microchip\xc8\v2.32\pic\sources\c99\common\aomod.c
		___aomod       		CODE           	0E32	0000	356

C:\Program Files\Microchip\xc8\v2.32\pic\sources\c99\common\aomod.c estimated size: 356

shared
		__initialization		CODE           	146C	0000	12

shared estimated size: 12

C:\Program Files\Microchip\xc8\v2.32\pic\sources\c99\common\nf_fputc.c
		_fputc         		CODE           	0F96	0000	202

C:\Program Files\Microchip\xc8\v2.32\pic\sources\c99\common\nf_fputc.c estimated size: 202

C:\Program Files\Microchip\xc8\v2.32\pic\sources\c99\common\aodiv.c
		___aodiv       		CODE           	0CAA	0000	392

C:\Program Files\Microchip\xc8\v2.32\pic\sources\c99\common\aodiv.c estimated size: 392

main.c
		_LCD_TEXT      		CODE           	1204	0000	94
		_LCD_DATA      		CODE           	13DA	0000	42
		_main          		CODE           	1126	0000	124
		_ADC_INT       		CODE           	142E	0000	34
		_LCD_INT       		CODE           	1450	0000	28
		_LCD_CURSOR    		CODE           	1338	0000	58
		_ADC_READ      		CODE           	13A8	0000	50
		_LCD_INST      		CODE           	1404	0000	42

main.c estimated size: 472

C:\Program Files\Microchip\xc8\v2.32\pic\sources\c99\common\strlen.c
		_strlen        		CODE           	1372	0000	54

C:\Program Files\Microchip\xc8\v2.32\pic\sources\c99\common\strlen.c estimated size: 54

